// Jest Snapshot v1, https://goo.gl/fbAQLP

exports[`Card should render the card 1`] = `
<View
  accessibilityComponentType={undefined}
  accessibilityLabel={undefined}
  accessibilityTraits={undefined}
  accessible={true}
  collapsable={undefined}
  hitSlop={undefined}
  isTVSelectable={true}
  nativeID={undefined}
  onLayout={undefined}
  onResponderGrant={[Function]}
  onResponderMove={[Function]}
  onResponderRelease={[Function]}
  onResponderTerminate={[Function]}
  onResponderTerminationRequest={[Function]}
  onStartShouldSetResponder={[Function]}
  style={
    Object {
      "height": 300,
      "marginLeft": 16,
      "marginRight": 16,
      "opacity": 1,
      "width": 160,
    }
  }
  testID={undefined}
  tvParallaxProperties={undefined}
>
  <View
    style={
      Object {
        "backgroundColor": "#ccc",
        "shadowColor": "rgba(0, 0, 0, 0.5)",
        "shadowOffset": Object {
          "height": 2,
          "width": 0,
        },
        "shadowOpacity": 1,
        "shadowRadius": 6,
      }
    }
  >
    <Image
      source={1}
      style={
        Object {
          "height": 240,
          "width": 160,
        }
      }
    />
  </View>
  <Text
    accessible={true}
    allowFontScaling={true}
    disabled={false}
    ellipsizeMode="tail"
    style={
      Object {
        "color": "#4a4a4a",
        "fontSize": 17,
        "marginTop": 10,
        "textAlign": "center",
      }
    }
  >
    Card title
  </Text>
</View>
`;
